[2026-05-14 11:59:38] production.ERROR: file_get_contents(E:\WORK\WEBSITE\tradingdashboard\laravel-trading-dashboard\.env): Failed to open stream: No such file or directory {"exception":"[object] (ErrorException(code: 0): file_get_contents(E:\\WORK\\WEBSITE\\tradingdashboard\\laravel-trading-dashboard\\.env): Failed to open stream: No such file or directory at E:\\WORK\\WEBSITE\\tradingdashboard\\laravel-trading-dashboard\\vendor\\laravel\\framework\\src\\Illuminate\\Foundation\\Console\\KeyGenerateCommand.php:111)
[stacktrace]
#0 E:\\WORK\\WEBSITE\\tradingdashboard\\laravel-trading-dashboard\\vendor\\laravel\\framework\\src\\Illuminate\\Foundation\\Bootstrap\\HandleExceptions.php(270): Illuminate\\Foundation\\Bootstrap\\HandleExceptions->handleError(2, 'file_get_conten...', 'E:\\\\WORK\\\\WEBSITE...', 111)
#1 [internal function]: Illuminate\\Foundation\\Bootstrap\\HandleExceptions->Illuminate\\Foundation\\Bootstrap\\{closure}(2, 'file_get_conten...', 'E:\\\\WORK\\\\WEBSITE...', 111)
#2 E:\\WORK\\WEBSITE\\tradingdashboard\\laravel-trading-dashboard\\vendor\\laravel\\framework\\src\\Illuminate\\Foundation\\Console\\KeyGenerateCommand.php(111): file_get_contents('E:\\\\WORK\\\\WEBSITE...')
#3 E:\\WORK\\WEBSITE\\tradingdashboard\\laravel-trading-dashboard\\vendor\\laravel\\framework\\src\\Illuminate\\Foundation\\Console\\KeyGenerateCommand.php(93): Illuminate\\Foundation\\Console\\KeyGenerateCommand->writeNewEnvironmentFileWith('base64:x+MNnUVN...')
#4 E:\\WORK\\WEBSITE\\tradingdashboard\\laravel-trading-dashboard\\vendor\\laravel\\framework\\src\\Illuminate\\Foundation\\Console\\KeyGenerateCommand.php(58): Illuminate\\Foundation\\Console\\KeyGenerateCommand->setKeyInEnvironmentFile('base64:x+MNnUVN...')
#5 E:\\WORK\\WEBSITE\\tradingdashboard\\laravel-trading-dashboard\\vendor\\laravel\\framework\\src\\Illuminate\\Container\\BoundMethod.php(36): Illuminate\\Foundation\\Console\\KeyGenerateCommand->handle()
#6 E:\\WORK\\WEBSITE\\tradingdashboard\\laravel-trading-dashboard\\vendor\\laravel\\framework\\src\\Illuminate\\Container\\Util.php(41): Illuminate\\Container\\BoundMethod::Illuminate\\Container\\{closure}()
#7 E:\\WORK\\WEBSITE\\tradingdashboard\\laravel-trading-dashboard\\vendor\\laravel\\framework\\src\\Illuminate\\Container\\BoundMethod.php(93): Illuminate\\Container\\Util::unwrapIfClosure(Object(Closure))
#8 E:\\WORK\\WEBSITE\\tradingdashboard\\laravel-trading-dashboard\\vendor\\laravel\\framework\\src\\Illuminate\\Container\\BoundMethod.php(35): Illuminate\\Container\\BoundMethod::callBoundMethod(Object(Illuminate\\Foundation\\Application), Array, Object(Closure))
#9 E:\\WORK\\WEBSITE\\tradingdashboard\\laravel-trading-dashboard\\vendor\\laravel\\framework\\src\\Illuminate\\Container\\Container.php(661): Illuminate\\Container\\BoundMethod::call(Object(Illuminate\\Foundation\\Application), Array, Array, NULL)
#10 E:\\WORK\\WEBSITE\\tradingdashboard\\laravel-trading-dashboard\\vendor\\laravel\\framework\\src\\Illuminate\\Console\\Command.php(183): Illuminate\\Container\\Container->call(Array)
#11 E:\\WORK\\WEBSITE\\tradingdashboard\\laravel-trading-dashboard\\vendor\\symfony\\console\\Command\\Command.php(326): Illuminate\\Console\\Command->execute(Object(Symfony\\Component\\Console\\Input\\ArgvInput), Object(Illuminate\\Console\\OutputStyle))
#12 E:\\WORK\\WEBSITE\\tradingdashboard\\laravel-trading-dashboard\\vendor\\laravel\\framework\\src\\Illuminate\\Console\\Command.php(152): Symfony\\Component\\Console\\Command\\Command->run(Object(Symfony\\Component\\Console\\Input\\ArgvInput), Object(Illuminate\\Console\\OutputStyle))
#13 E:\\WORK\\WEBSITE\\tradingdashboard\\laravel-trading-dashboard\\vendor\\symfony\\console\\Application.php(1098): Illuminate\\Console\\Command->run(Object(Symfony\\Component\\Console\\Input\\ArgvInput), Object(Symfony\\Component\\Console\\Output\\ConsoleOutput))
#14 E:\\WORK\\WEBSITE\\tradingdashboard\\laravel-trading-dashboard\\vendor\\symfony\\console\\Application.php(324): Symfony\\Component\\Console\\Application->doRunCommand(Object(Illuminate\\Foundation\\Console\\KeyGenerateCommand), Object(Symfony\\Component\\Console\\Input\\ArgvInput), Object(Symfony\\Component\\Console\\Output\\ConsoleOutput))
#15 E:\\WORK\\WEBSITE\\tradingdashboard\\laravel-trading-dashboard\\vendor\\symfony\\console\\Application.php(175): Symfony\\Component\\Console\\Application->doRun(Object(Symfony\\Component\\Console\\Input\\ArgvInput), Object(Symfony\\Component\\Console\\Output\\ConsoleOutput))
#16 E:\\WORK\\WEBSITE\\tradingdashboard\\laravel-trading-dashboard\\vendor\\laravel\\framework\\src\\Illuminate\\Console\\Application.php(102): Symfony\\Component\\Console\\Application->run(Object(Symfony\\Component\\Console\\Input\\ArgvInput), Object(Symfony\\Component\\Console\\Output\\ConsoleOutput))
#17 E:\\WORK\\WEBSITE\\tradingdashboard\\laravel-trading-dashboard\\vendor\\laravel\\framework\\src\\Illuminate\\Foundation\\Console\\Kernel.php(155): Illuminate\\Console\\Application->run(Object(Symfony\\Component\\Console\\Input\\ArgvInput), Object(Symfony\\Component\\Console\\Output\\ConsoleOutput))
#18 E:\\WORK\\WEBSITE\\tradingdashboard\\laravel-trading-dashboard\\artisan(35): Illuminate\\Foundation\\Console\\Kernel->handle(Object(Symfony\\Component\\Console\\Input\\ArgvInput), Object(Symfony\\Component\\Console\\Output\\ConsoleOutput))
#19 {main}
"} 
